__ALL__: 3.05 MB
  <self>: 198.54 KB
  react: 642.96 KB
    <self>: 606.52 KB
    fbjs: 36.44 KB
      <self>: 36.44 KB
  antd: 259.41 KB
    <self>: 259.41 KB
  material-ui: 235.3 KB
    <self>: 234.99 KB
    material-ui: 313 B
      <self>: 313 B
  lodash: 200.71 KB
    <self>: 200.71 KB
  urlencoder: 173.78 KB
    <self>: 173.78 KB
  immutable: 139.14 KB
    <self>: 139.14 KB
  core-js: 118.72 KB
    <self>: 118.72 KB
  react-router: 105.01 KB
    <self>: 103.24 KB
    warning: 1.76 KB
      <self>: 1.76 KB
  react-dnd: 60.8 KB
    <self>: 60.8 KB
  lodash.merge: 56.82 KB
    <self>: 56.82 KB
  babel-runtime: 52.4 KB
    <self>: 8.87 KB
    core-js: 43.53 KB
      <self>: 43.53 KB
  buffer: 47.47 KB
    <self>: 47.47 KB
  history: 47.26 KB
    <self>: 47.26 KB
  redux-devtools-log-monitor: 45.74 KB
    <self>: 35.21 KB
    lodash.debounce: 10.53 KB
      <self>: 10.53 KB
  react-json-tree: 40.67 KB
    <self>: 40.67 KB
  dnd-core: 40.58 KB
    <self>: 40.58 KB
  react-dnd-html5-backend: 39.28 KB
    <self>: 39.28 KB
  inline-style-prefixer: 37.73 KB
    <self>: 37.73 KB
  react-2048: 36.78 KB
    <self>: 36.78 KB
  lodash.curry: 35.03 KB
    <self>: 35.03 KB
  dom-align: 33.59 KB
    <self>: 33.59 KB
  axios: 26.04 KB
    <self>: 26.04 KB
  redux-devtools-instrument: 23.34 KB
    <self>: 23.34 KB
  redux: 22.36 KB
    <self>: 22.36 KB
  base16: 22.03 KB
    <self>: 22.03 KB
  regenerator: 20.92 KB
    <self>: 20.92 KB
  react-redux: 19.65 KB
    <self>: 19.65 KB
  inline-style-prefix-all: 17.99 KB
    <self>: 17.99 KB
  rc-dialog: 17.56 KB
    <self>: 17.56 KB
  bowser: 16.56 KB
    <self>: 16.56 KB
  util: 16.05 KB
    <self>: 15.4 KB
    inherits: 672 B
      <self>: 672 B
  rc-animate: 15.92 KB
    <self>: 15.92 KB
  assert: 15.08 KB
    <self>: 15.08 KB
  react-dock: 14.92 KB
    <self>: 14.92 KB
  asap: 11.52 KB
    <self>: 11.52 KB
  lodash.flow: 11.37 KB
    <self>: 11.37 KB
  lodash.flowright: 11.29 KB
    <self>: 11.29 KB
  rc-util: 10.67 KB
    <self>: 10.67 KB
  redux-devtools-dock-monitor: 10.51 KB
    <self>: 10.51 KB
  react-base16-styling: 9.73 KB
    <self>: 9.73 KB
  recompose: 9.69 KB
    <self>: 9.69 KB
  add-dom-event-listener: 9.6 KB
    <self>: 9.6 KB
  rc-notification: 7.28 KB
    <self>: 7.28 KB
  rc-align: 7.21 KB
    <self>: 6.43 KB
    rc-util: 802 B
      <self>: 802 B
  redux-devtools: 7.04 KB
    <self>: 7.04 KB
  lodash.debounce: 6.89 KB
    <self>: 6.89 KB
  disposables: 6.84 KB
    <self>: 6.84 KB
  css-animation: 6.76 KB
    <self>: 6.76 KB
  style-loader: 6.74 KB
    <self>: 6.74 KB
  lodash.keys: 6.46 KB
    <self>: 6.46 KB
  lodash.isarguments: 5.58 KB
    <self>: 5.58 KB
  purecss: 5.35 KB
    <self>: 5.35 KB
  node-libs-browser: 5.17 KB
    <self>: 0 B
    process: 5.17 KB
      <self>: 5.17 KB
  lodash.isarray: 5.04 KB
    <self>: 5.04 KB
  yfjs: 4.6 KB
    <self>: 4.6 KB
  querystring: 4.51 KB
    <self>: 4.51 KB
  react-document-event: 4.18 KB
    <self>: 4.18 KB
  deep-equal: 3.8 KB
    <self>: 3.8 KB
  lodash._getnative: 3.78 KB
    <self>: 3.78 KB
  react-event-listener: 3.66 KB
    <self>: 3.66 KB
  base64-js: 3.4 KB
    <self>: 3.4 KB
  component-classes: 3.29 KB
    <self>: 3.29 KB
  pure-color: 3.11 KB
    <self>: 3.11 KB
  keycode: 2.7 KB
    <self>: 2.7 KB
  fbjs: 2.65 KB
    <self>: 2.65 KB
  react-pure-render: 2.46 KB
    <self>: 2.46 KB
  prop-types: 2.37 KB
    <self>: 2.37 KB
  ieee754: 2.01 KB
    <self>: 2.01 KB
  parse-key: 1.9 KB
    <self>: 1.9 KB
  warning: 1.76 KB
    <self>: 1.76 KB
  util-deprecate: 1.58 KB
    <self>: 1.58 KB
  invariant: 1.48 KB
    <self>: 1.48 KB
  css-loader: 1.47 KB
    <self>: 1.47 KB
  query-string: 1.45 KB
    <self>: 1.45 KB
  redux-devtools-themes: 1.42 KB
    <self>: 1.42 KB
  hoist-non-react-statics: 1.35 KB
    <self>: 1.35 KB
  shallowequal: 1.16 KB
    <self>: 1.16 KB
  symbol-observable: 1.12 KB
    <self>: 1.12 KB
  classnames: 1.08 KB
    <self>: 1.08 KB
  animate.css: 980 B
    <self>: 980 B
  object-assign: 896 B
    <self>: 896 B
  js-assert: 364 B
    <self>: 364 B
  webpack: 336 B
    <self>: 336 B
  simple-assign: 281 B
    <self>: 281 B
  babel-core: 247 B
    <self>: 247 B
  strict-uri-encode: 182 B
    <self>: 182 B
  component-indexof: 175 B
    <self>: 175 B
  isarray: 132 B
    <self>: 132 B
  react-addons-pure-render-mixin: 72 B
    <self>: 72 B
  react-dom: 63 B
    <self>: 63 B
  react-addons-css-transition-group: 62 B
    <self>: 62 B
  react-addons-transition-group: 59 B
    <self>: 59 B
  react-addons-create-fragment: 59 B
    <self>: 59 B
  react-addons-update: 45 B
    <self>: 45 B
